// Jest Snapshot v1, https://goo.gl/fbAQLP

exports[`EditorCarousel should render block shortcuts 1`] = `
<ContextConsumer>
  <Component />
</ContextConsumer>
`;
